[0m23:16:57.952707 [debug] [MainThread]: Sending event: {'category': 'dbt', 'action': 'invocation', 'label': 'start', 'context': [<snowplow_tracker.self_describing_json.SelfDescribingJson object at 0x00000254155ED6A0>, <snowplow_tracker.self_describing_json.SelfDescribingJson object at 0x0000025411B0B4D0>, <snowplow_tracker.self_describing_json.SelfDescribingJson object at 0x000002541758FC50>]}


============================== 23:16:57.955362 | 25a56536-c81d-4d6e-9407-27e2f4780320 ==============================
[0m23:16:57.955362 [info ] [MainThread]: Running with dbt=1.11.8
[0m23:16:57.955774 [debug] [MainThread]: running dbt with arguments {'version_check': 'True', 'no_print': 'None', 'static_parser': 'True', 'warn_error_options': 'WarnErrorOptionsV2(error=[], warn=[], silence=[])', 'target_path': 'None', 'printer_width': '80', 'write_json': 'True', 'introspect': 'True', 'log_cache_events': 'False', 'empty': 'None', 'cache_selected_only': 'False', 'log_format': 'default', 'debug': 'False', 'fail_fast': 'False', 'profiles_dir': 'C:\\Users\\Deep\\.dbt', 'send_anonymous_usage_stats': 'True', 'quiet': 'False', 'warn_error': 'None', 'partial_parse': 'True', 'invocation_command': 'dbt init transforms', 'indirect_selection': 'eager', 'use_colors': 'True', 'use_experimental_parser': 'False', 'log_path': 'logs'}
[0m23:16:57.964296 [info ] [MainThread]: Creating dbt configuration folder at C:\Users\Deep\.dbt
[0m23:16:57.965497 [debug] [MainThread]: Starter project path: c:\Users\Deep\Documents\Programming\spotify-analytics\.venv\Lib\site-packages\dbt\include\starter_project
[0m23:16:57.982005 [info ] [MainThread]: 
Your new dbt project "transforms" was created!

For more information on how to configure the profiles.yml file,
please consult the dbt documentation here:

  https://docs.getdbt.com/docs/configure-your-profile

One more thing:

Need help? Don't hesitate to reach out to us via GitHub issues or on Slack:

  https://community.getdbt.com/

Happy modeling!

[0m23:16:57.982373 [info ] [MainThread]: Setting up your profile.
[0m23:17:09.774093 [info ] [MainThread]: Profile transforms written to C:\Users\Deep\.dbt\profiles.yml using target's sample configuration. Once updated, you'll be able to start developing with dbt.
[0m23:17:09.775081 [debug] [MainThread]: Command `dbt init` succeeded at 23:17:09.774983 after 11.89 seconds
[0m23:17:09.775297 [debug] [MainThread]: Sending event: {'category': 'dbt', 'action': 'invocation', 'label': 'end', 'context': [<snowplow_tracker.self_describing_json.SelfDescribingJson object at 0x00000254175AEB10>, <snowplow_tracker.self_describing_json.SelfDescribingJson object at 0x000002541585D5B0>, <snowplow_tracker.self_describing_json.SelfDescribingJson object at 0x00000254176E4D10>]}
[0m23:17:09.775513 [debug] [MainThread]: Flushing usage events
[0m23:17:10.054437 [debug] [MainThread]: An error was encountered while trying to flush usage events
[0m23:27:58.086096 [debug] [MainThread]: Sending event: {'category': 'dbt', 'action': 'invocation', 'label': 'start', 'context': [<snowplow_tracker.self_describing_json.SelfDescribingJson object at 0x000001AACC4FD6A0>, <snowplow_tracker.self_describing_json.SelfDescribingJson object at 0x000001AAC8B0B4D0>, <snowplow_tracker.self_describing_json.SelfDescribingJson object at 0x000001AACE5B7C50>]}


============================== 23:27:58.088878 | a3f5c706-d485-4e60-8f7a-ede7f05da898 ==============================
[0m23:27:58.088878 [info ] [MainThread]: Running with dbt=1.11.8
[0m23:27:58.089280 [debug] [MainThread]: running dbt with arguments {'static_parser': 'True', 'no_print': 'None', 'version_check': 'True', 'warn_error_options': 'WarnErrorOptionsV2(error=[], warn=[], silence=[])', 'target_path': 'None', 'printer_width': '80', 'write_json': 'True', 'introspect': 'True', 'log_cache_events': 'False', 'empty': 'False', 'cache_selected_only': 'False', 'log_format': 'default', 'debug': 'False', 'fail_fast': 'False', 'partial_parse': 'True', 'send_anonymous_usage_stats': 'True', 'quiet': 'False', 'warn_error': 'None', 'profiles_dir': 'C:\\Users\\Deep\\.dbt', 'use_colors': 'True', 'invocation_command': 'dbt run', 'indirect_selection': 'eager', 'use_experimental_parser': 'False', 'log_path': 'logs'}
[0m23:27:58.089616 [error] [MainThread]: Encountered an error:
Runtime Error
  No dbt_project.yml found at expected path C:\Users\Deep\Documents\Programming\spotify-analytics\dbt_project.yml
  Verify that each entry within packages.yml (and their transitive dependencies) contains a file named dbt_project.yml
  
[0m23:27:58.090185 [debug] [MainThread]: Command `dbt run` failed at 23:27:58.090106 after 0.09 seconds
[0m23:27:58.090390 [debug] [MainThread]: Sending event: {'category': 'dbt', 'action': 'invocation', 'label': 'end', 'context': [<snowplow_tracker.self_describing_json.SelfDescribingJson object at 0x000001AACE5EED70>, <snowplow_tracker.self_describing_json.SelfDescribingJson object at 0x000001AACE6315B0>, <snowplow_tracker.self_describing_json.SelfDescribingJson object at 0x000001AACE59AF10>]}
[0m23:27:58.090584 [debug] [MainThread]: Flushing usage events
[0m23:27:58.364465 [debug] [MainThread]: An error was encountered while trying to flush usage events
